###############################################################################
#
# IAR ELF Linker V9.10.2.313/W64 for ARM                  05/Sep/2022  22:22:54
# Copyright 2007-2021 IAR Systems AB.
#
#    Output file  =
#        C:\Users\nthu8\Downloads\Button\project\Debug\Exe\Button.out
#    Map file     =
#        C:\Users\nthu8\Downloads\Button\project\Debug\List\Button.map
#    Command line =
#        -f C:\Users\nthu8\Downloads\Button\project\Debug\Exe\Button.out.rsp
#        (C:\Users\nthu8\Downloads\Button\project\Debug\Obj\source\main.o
#        C:\Users\nthu8\Downloads\Button\project\Debug\Obj\startup\startup_MKL46Z4.o
#        C:\Users\nthu8\Downloads\Button\project\Debug\Obj\startup\system_MKL46Z4.o
#        --no_out_extension -o
#        C:\Users\nthu8\Downloads\Button\project\Debug\Exe\Button.out --map
#        C:\Users\nthu8\Downloads\Button\project\Debug\List\Button.map --config
#        "C:\Program Files\IAR Systems\Embedded Workbench
#        9.0\arm\config\linker\NXP\MKL46Z256xxx4.icf" --semihosting --entry
#        __iar_program_start --vfe --text_out locale)
#
###############################################################################

*******************************************************************************
*** RUNTIME MODEL ATTRIBUTES
***

CppFlavor       = *
__SystemLibrary = DLib
__dlib_version  = 6


*******************************************************************************
*** HEAP SELECTION
***

The basic heap was selected because some modules are built with
size limitations (and not runtime checking), and --advanced_heap
was not specified.


*******************************************************************************
*** PLACEMENT SUMMARY
***

"A0":  place at address 0x0 { ro section .intvec };
"P1":  place in [from 0x0 to 0x3ff] |
                [from 0x410 to 0x3'ffff] { ro };
define block CSTACK with size = 2K, alignment = 8 { };
define block HEAP with size = 4K, alignment = 8 { };
"P3":  place in [from 0x1fff'e000 to 0x1fff'ffff] |
                [from 0x2000'0000 to 0x2000'5fff] {
          rw, block CSTACK, block HEAP };
"P5":  place in [from 0x400 to 0x40f] { section FlashConfig };

No sections matched the following patterns:

  ro section application_specific_ro  in "P2|P4"
  rw                                  in "P3"
  rw section application_specific_rw  in "P2|P4"


  Section      Kind         Address   Size  Object
  -------      ----         -------   ----  ------
"A0":                                 0xc0
  .intvec      ro code          0x0   0xc0  startup_MKL46Z4.o [2]
                             - 0xc0   0xc0

"P1":                                0x1ce
  .text        ro code         0xc0   0xc8  main.o [1]
  .text        ro code        0x188   0x24  startup_MKL46Z4.o [2]
  .text        ro code        0x1ac   0x1e  cmain.o [4]
  .text        ro code        0x1ca    0x4  low_level_init.o [3]
  .text        ro code        0x1ce    0x8  exit.o [3]
  .text        ro code        0x1d6    0x2  startup_MKL46Z4.o [2]
  .text        ro code        0x1d8    0xa  cexit.o [4]
  .text        ro code        0x1e2    0x2  startup_MKL46Z4.o [2]
  .text        ro code        0x1e4   0x14  exit.o [5]
  .text        ro code        0x1f8   0x1c  cstartup_M.o [4]
  .text        ro code        0x214    0xc  system_MKL46Z4.o [2]
  .text        ro code        0x220    0x8  startup_MKL46Z4.o [2]
  .text        ro code        0x228    0x8  startup_MKL46Z4.o [2]
  .text        ro code        0x230    0x8  startup_MKL46Z4.o [2]
  .text        ro code        0x238    0x8  startup_MKL46Z4.o [2]
  .text        ro code        0x240    0x8  startup_MKL46Z4.o [2]
  .text        ro code        0x248    0x8  startup_MKL46Z4.o [2]
  .text        ro code        0x250    0x8  startup_MKL46Z4.o [2]
  .text        ro code        0x258    0x8  startup_MKL46Z4.o [2]
  .text        ro code        0x260    0x8  startup_MKL46Z4.o [2]
  .text        ro code        0x268    0x8  startup_MKL46Z4.o [2]
  .text        ro code        0x270    0x8  startup_MKL46Z4.o [2]
  .text        ro code        0x278    0x8  startup_MKL46Z4.o [2]
  .text        ro code        0x280    0x8  startup_MKL46Z4.o [2]
  .text        ro code        0x288    0x2  startup_MKL46Z4.o [2]
  .text        ro code        0x28a    0x2  startup_MKL46Z4.o [2]
  .text        ro code        0x28c    0x2  startup_MKL46Z4.o [2]
                            - 0x28e  0x1ce

"P5":                                 0x10
  FlashConfig  ro code        0x400   0x10  startup_MKL46Z4.o [2]
                            - 0x410   0x10

"P3":                                0x800
  CSTACK                0x1fff'e000  0x800  <Block>
    CSTACK     uninit   0x1fff'e000  0x800  <Block tail>
                      - 0x1fff'e800  0x800

Unused ranges:

         From           To      Size
         ----           --      ----
        0x28e        0x3ff     0x172
        0x410     0x3'ffff  0x3'fbf0
  0x1fff'e800  0x1fff'ffff    0x1800
  0x2000'0000  0x2000'5fff    0x6000



*******************************************************************************
*** MODULE SUMMARY
***

    Module             ro code  rw data
    ------             -------  -------
command line/config:
    -----------------------------------
    Total:

C:\Users\nthu8\Downloads\Button\project\Debug\Obj\source: [1]
    main.o                 200
    -----------------------------------
    Total:                 200

C:\Users\nthu8\Downloads\Button\project\Debug\Obj\startup: [2]
    startup_MKL46Z4.o      358
    system_MKL46Z4.o        12
    -----------------------------------
    Total:                 370

dl6M_tln.a: [3]
    exit.o                   8
    low_level_init.o         4
    -----------------------------------
    Total:                  12

rt6M_tl.a: [4]
    cexit.o                 10
    cmain.o                 30
    cstartup_M.o            28
    -----------------------------------
    Total:                  68

shb_l.a: [5]
    exit.o                  20
    -----------------------------------
    Total:                  20

    Linker created                2'048
---------------------------------------
    Grand Total:           670    2'048


*******************************************************************************
*** ENTRY LIST
***

Entry                     Address  Size  Type      Object
-----                     -------  ----  ----      ------
?main                       0x1ad        Code  Gb  cmain.o [4]
CSTACK$$Base          0x1fff'e000         --   Gb  - Linker created -
CSTACK$$Limit         0x1fff'e800         --   Gb  - Linker created -
Region$$Table$$Base           0x0         --   Gb  - Linker created -
Region$$Table$$Limit          0x0         --   Gb  - Linker created -
SystemInit                  0x215   0x8  Code  Gb  system_MKL46Z4.o [2]
__Vectors                     0x0         --   Gb  startup_MKL46Z4.o [2]
__Vectors_End                0xc0        Data  Gb  startup_MKL46Z4.o [2]
__Vectors_Size {Abs}         0xc0         --   Gb  startup_MKL46Z4.o [2]
__cmain                     0x1ad        Code  Gb  cmain.o [4]
__exit                      0x1e5  0x14  Code  Gb  exit.o [5]
__iar_program_start         0x1f9        Code  Gb  cstartup_M.o [4]
__low_level_init            0x1cb   0x4  Code  Gb  low_level_init.o [3]
__vector_table                0x0        Data  Gb  startup_MKL46Z4.o [2]
__vector_table_0x1c          0x1c        Data  Gb  startup_MKL46Z4.o [2]
_call_main                  0x1b9        Code  Gb  cmain.o [4]
_exit                       0x1d9        Code  Gb  cexit.o [4]
exit                        0x1cf   0x8  Code  Gb  exit.o [3]
initLed                     0x13b  0x2c  Code  Gb  main.o [1]
initSW1                      0xf9  0x42  Code  Gb  main.o [1]
main                         0xc1  0x38  Code  Gb  main.o [1]


[1] = C:\Users\nthu8\Downloads\Button\project\Debug\Obj\source
[2] = C:\Users\nthu8\Downloads\Button\project\Debug\Obj\startup
[3] = dl6M_tln.a
[4] = rt6M_tl.a
[5] = shb_l.a

    670 bytes of readonly  code memory
  2'048 bytes of readwrite data memory

Errors: none
Warnings: none
