###############################################################################
#
# IAR ELF Linker V9.10.2.313/W64 for ARM                  30/Aug/2022  13:43:45
# Copyright 2007-2021 IAR Systems AB.
#
#    Output file  =
#        C:\Users\nthu8\Downloads\LedBlinking\project\Debug\Exe\LedBlinking.out
#    Map file     =
#        C:\Users\nthu8\Downloads\LedBlinking\project\Debug\List\LedBlinking.map
#    Command line =
#        -f
#        C:\Users\nthu8\Downloads\LedBlinking\project\Debug\Exe\LedBlinking.out.rsp
#        (C:\Users\nthu8\Downloads\LedBlinking\project\Debug\Obj\source\main.o
#        C:\Users\nthu8\Downloads\LedBlinking\project\Debug\Obj\startup\startup_MKL46Z4.o
#        C:\Users\nthu8\Downloads\LedBlinking\project\Debug\Obj\startup\system_MKL46Z4.o
#        --no_out_extension -o
#        C:\Users\nthu8\Downloads\LedBlinking\project\Debug\Exe\LedBlinking.out
#        --map
#        C:\Users\nthu8\Downloads\LedBlinking\project\Debug\List\LedBlinking.map
#        --config "C:\Program Files\IAR Systems\Embedded Workbench
#        9.0\arm\config\linker\NXP\MKL46Z256xxx4.icf" --semihosting --entry
#        __iar_program_start --vfe --text_out locale)
#
###############################################################################

*******************************************************************************
*** RUNTIME MODEL ATTRIBUTES
***

CppFlavor       = *
__SystemLibrary = DLib
__dlib_version  = 6


*******************************************************************************
*** HEAP SELECTION
***

The basic heap was selected because some modules are built with
size limitations (and not runtime checking), and --advanced_heap
was not specified.


*******************************************************************************
*** PLACEMENT SUMMARY
***

"A0":  place at address 0x0 { ro section .intvec };
"P1":  place in [from 0x0 to 0x3ff] |
                [from 0x410 to 0x3'ffff] { ro };
define block CSTACK with size = 2K, alignment = 8 { };
define block HEAP with size = 4K, alignment = 8 { };
"P3":  place in [from 0x1fff'e000 to 0x1fff'ffff] |
                [from 0x2000'0000 to 0x2000'5fff] {
          rw, block CSTACK, block HEAP };
"P5":  place in [from 0x400 to 0x40f] { section FlashConfig };

No sections matched the following patterns:

  ro section application_specific_ro  in "P2|P4"
  rw                                  in "P3"
  rw section application_specific_rw  in "P2|P4"


  Section      Kind         Address   Size  Object
  -------      ----         -------   ----  ------
"A0":                                 0xc0
  .intvec      ro code          0x0   0xc0  startup_MKL46Z4.o [2]
                             - 0xc0   0xc0

"P1":                                0x1be
  .text        ro code         0xc0   0xb8  main.o [1]
  .text        ro code        0x178   0x24  startup_MKL46Z4.o [2]
  .text        ro code        0x19c   0x1e  cmain.o [4]
  .text        ro code        0x1ba    0x4  low_level_init.o [3]
  .text        ro code        0x1be    0x8  exit.o [3]
  .text        ro code        0x1c6    0x2  startup_MKL46Z4.o [2]
  .text        ro code        0x1c8    0xa  cexit.o [4]
  .text        ro code        0x1d2    0x2  startup_MKL46Z4.o [2]
  .text        ro code        0x1d4   0x14  exit.o [5]
  .text        ro code        0x1e8   0x1c  cstartup_M.o [4]
  .text        ro code        0x204    0xc  system_MKL46Z4.o [2]
  .text        ro code        0x210    0x8  startup_MKL46Z4.o [2]
  .text        ro code        0x218    0x8  startup_MKL46Z4.o [2]
  .text        ro code        0x220    0x8  startup_MKL46Z4.o [2]
  .text        ro code        0x228    0x8  startup_MKL46Z4.o [2]
  .text        ro code        0x230    0x8  startup_MKL46Z4.o [2]
  .text        ro code        0x238    0x8  startup_MKL46Z4.o [2]
  .text        ro code        0x240    0x8  startup_MKL46Z4.o [2]
  .text        ro code        0x248    0x8  startup_MKL46Z4.o [2]
  .text        ro code        0x250    0x8  startup_MKL46Z4.o [2]
  .text        ro code        0x258    0x8  startup_MKL46Z4.o [2]
  .text        ro code        0x260    0x8  startup_MKL46Z4.o [2]
  .text        ro code        0x268    0x8  startup_MKL46Z4.o [2]
  .text        ro code        0x270    0x8  startup_MKL46Z4.o [2]
  .text        ro code        0x278    0x2  startup_MKL46Z4.o [2]
  .text        ro code        0x27a    0x2  startup_MKL46Z4.o [2]
  .text        ro code        0x27c    0x2  startup_MKL46Z4.o [2]
                            - 0x27e  0x1be

"P5":                                 0x10
  FlashConfig  ro code        0x400   0x10  startup_MKL46Z4.o [2]
                            - 0x410   0x10

"P3":                                0x800
  CSTACK                0x1fff'e000  0x800  <Block>
    CSTACK     uninit   0x1fff'e000  0x800  <Block tail>
                      - 0x1fff'e800  0x800

Unused ranges:

         From           To      Size
         ----           --      ----
        0x27e        0x3ff     0x182
        0x410     0x3'ffff  0x3'fbf0
  0x1fff'e800  0x1fff'ffff    0x1800
  0x2000'0000  0x2000'5fff    0x6000



*******************************************************************************
*** MODULE SUMMARY
***

    Module             ro code  rw data
    ------             -------  -------
command line/config:
    -----------------------------------
    Total:

C:\Users\nthu8\Downloads\LedBlinking\project\Debug\Obj\source: [1]
    main.o                 184
    -----------------------------------
    Total:                 184

C:\Users\nthu8\Downloads\LedBlinking\project\Debug\Obj\startup: [2]
    startup_MKL46Z4.o      358
    system_MKL46Z4.o        12
    -----------------------------------
    Total:                 370

dl6M_tln.a: [3]
    exit.o                   8
    low_level_init.o         4
    -----------------------------------
    Total:                  12

rt6M_tl.a: [4]
    cexit.o                 10
    cmain.o                 30
    cstartup_M.o            28
    -----------------------------------
    Total:                  68

shb_l.a: [5]
    exit.o                  20
    -----------------------------------
    Total:                  20

    Linker created                2'048
---------------------------------------
    Grand Total:           654    2'048


*******************************************************************************
*** ENTRY LIST
***

Entry                     Address  Size  Type      Object
-----                     -------  ----  ----      ------
?main                       0x19d        Code  Gb  cmain.o [4]
CSTACK$$Base          0x1fff'e000         --   Gb  - Linker created -
CSTACK$$Limit         0x1fff'e800         --   Gb  - Linker created -
Region$$Table$$Base           0x0         --   Gb  - Linker created -
Region$$Table$$Limit          0x0         --   Gb  - Linker created -
SystemInit                  0x205   0x8  Code  Gb  system_MKL46Z4.o [2]
__Vectors                     0x0         --   Gb  startup_MKL46Z4.o [2]
__Vectors_End                0xc0        Data  Gb  startup_MKL46Z4.o [2]
__Vectors_Size {Abs}         0xc0         --   Gb  startup_MKL46Z4.o [2]
__cmain                     0x19d        Code  Gb  cmain.o [4]
__exit                      0x1d5  0x14  Code  Gb  exit.o [5]
__iar_program_start         0x1e9        Code  Gb  cstartup_M.o [4]
__low_level_init            0x1bb   0x4  Code  Gb  low_level_init.o [3]
__vector_table                0x0        Data  Gb  startup_MKL46Z4.o [2]
__vector_table_0x1c          0x1c        Data  Gb  startup_MKL46Z4.o [2]
_call_main                  0x1a9        Code  Gb  cmain.o [4]
_exit                       0x1c9        Code  Gb  cexit.o [4]
delay                       0x13d  0x12  Code  Gb  main.o [1]
exit                        0x1bf   0x8  Code  Gb  exit.o [3]
initLed                      0xe7  0x54  Code  Gb  main.o [1]
main                         0xc1  0x26  Code  Gb  main.o [1]


[1] = C:\Users\nthu8\Downloads\LedBlinking\project\Debug\Obj\source
[2] = C:\Users\nthu8\Downloads\LedBlinking\project\Debug\Obj\startup
[3] = dl6M_tln.a
[4] = rt6M_tl.a
[5] = shb_l.a

    654 bytes of readonly  code memory
  2'048 bytes of readwrite data memory

Errors: none
Warnings: none
